<?xml version="1.0" encoding="utf-8"?>
<TestRun id="718e1dc4-c8e1-45d0-a833-c08ae554535d" name="BuildMark Self-Validation" runUser="" xmlns="http://microsoft.com/schemas/VisualStudio/TeamTest/2010">
  <Results>
    <UnitTestResult executionId="fff62ad6-ef93-47c9-af76-81f26e089d67" testId="aae366ba-4679-456c-8505-23f7e921fea6" testName="BuildMark_MarkdownReportGeneration" computerName="runnervm727z3" testType="13CDC9D9-DDB5-4fa4-A97D-D965CCFC6D4B" outcome="Passed" duration="00:00:00.0247895" startTime="2026-04-05T21:59:25.8259741Z" endTime="2026-04-05T21:59:25.8507636Z" testListId="19431567-8539-422a-85D7-44EE4E166BDA">
      <Output />
    </UnitTestResult>
    <UnitTestResult executionId="0ac52fa7-088b-4dec-b02f-5958b1d52023" testId="6432eeab-db25-43dd-8a72-23f89d080c66" testName="BuildMark_GitIntegration" computerName="runnervm727z3" testType="13CDC9D9-DDB5-4fa4-A97D-D965CCFC6D4B" outcome="Passed" duration="00:00:00.0005220" startTime="2026-04-05T21:59:25.8506236Z" endTime="2026-04-05T21:59:25.8511456Z" testListId="19431567-8539-422a-85D7-44EE4E166BDA">
      <Output />
    </UnitTestResult>
    <UnitTestResult executionId="2134b02f-bb2f-4d5f-9074-1b5136f4310a" testId="8a4cf496-c534-4bd3-8049-b0bd80576bd9" testName="BuildMark_IssueTracking" computerName="runnervm727z3" testType="13CDC9D9-DDB5-4fa4-A97D-D965CCFC6D4B" outcome="Passed" duration="00:00:00.0004185" startTime="2026-04-05T21:59:25.8512349Z" endTime="2026-04-05T21:59:25.8516534Z" testListId="19431567-8539-422a-85D7-44EE4E166BDA">
      <Output />
    </UnitTestResult>
    <UnitTestResult executionId="f393afe5-a227-4bd8-8c16-5d8af5eafe69" testId="f9430562-e6ed-4395-a59d-13b611d0186f" testName="BuildMark_KnownIssuesReporting" computerName="runnervm727z3" testType="13CDC9D9-DDB5-4fa4-A97D-D965CCFC6D4B" outcome="Passed" duration="00:00:00.0008235" startTime="2026-04-05T21:59:25.8518250Z" endTime="2026-04-05T21:59:25.8526485Z" testListId="19431567-8539-422a-85D7-44EE4E166BDA">
      <Output />
    </UnitTestResult>
  </Results>
  <TestDefinitions>
    <UnitTest name="BuildMark_MarkdownReportGeneration" storage="BuildMark" id="aae366ba-4679-456c-8505-23f7e921fea6">
      <Execution id="fff62ad6-ef93-47c9-af76-81f26e089d67" />
      <TestMethod codeBase="BuildMark" className="Validation" name="BuildMark_MarkdownReportGeneration" />
    </UnitTest>
    <UnitTest name="BuildMark_GitIntegration" storage="BuildMark" id="6432eeab-db25-43dd-8a72-23f89d080c66">
      <Execution id="0ac52fa7-088b-4dec-b02f-5958b1d52023" />
      <TestMethod codeBase="BuildMark" className="Validation" name="BuildMark_GitIntegration" />
    </UnitTest>
    <UnitTest name="BuildMark_IssueTracking" storage="BuildMark" id="8a4cf496-c534-4bd3-8049-b0bd80576bd9">
      <Execution id="2134b02f-bb2f-4d5f-9074-1b5136f4310a" />
      <TestMethod codeBase="BuildMark" className="Validation" name="BuildMark_IssueTracking" />
    </UnitTest>
    <UnitTest name="BuildMark_KnownIssuesReporting" storage="BuildMark" id="f9430562-e6ed-4395-a59d-13b611d0186f">
      <Execution id="f393afe5-a227-4bd8-8c16-5d8af5eafe69" />
      <TestMethod codeBase="BuildMark" className="Validation" name="BuildMark_KnownIssuesReporting" />
    </UnitTest>
  </TestDefinitions>
  <TestEntries>
    <TestEntry testId="aae366ba-4679-456c-8505-23f7e921fea6" executionId="fff62ad6-ef93-47c9-af76-81f26e089d67" testListId="19431567-8539-422a-85D7-44EE4E166BDA" />
    <TestEntry testId="6432eeab-db25-43dd-8a72-23f89d080c66" executionId="0ac52fa7-088b-4dec-b02f-5958b1d52023" testListId="19431567-8539-422a-85D7-44EE4E166BDA" />
    <TestEntry testId="8a4cf496-c534-4bd3-8049-b0bd80576bd9" executionId="2134b02f-bb2f-4d5f-9074-1b5136f4310a" testListId="19431567-8539-422a-85D7-44EE4E166BDA" />
    <TestEntry testId="f9430562-e6ed-4395-a59d-13b611d0186f" executionId="f393afe5-a227-4bd8-8c16-5d8af5eafe69" testListId="19431567-8539-422a-85D7-44EE4E166BDA" />
  </TestEntries>
  <TestLists>
    <TestList name="All Loaded Results" id="19431567-8539-422a-85D7-44EE4E166BDA" />
  </TestLists>
  <ResultSummary outcome="Completed">
    <Counters total="4" executed="4" passed="4" failed="0" />
  </ResultSummary>
</TestRun>