<?xml version="1.0" encoding="utf-8"?>
<TestRun id="f49f9a29-bd91-462f-817d-5884e7fff428" name="DictionaryMark Self-Validation" runUser="" xmlns="http://microsoft.com/schemas/VisualStudio/TeamTest/2010">
  <Results>
    <UnitTestResult executionId="668d7b44-0932-4f8a-80c7-afa8c79cd463" testId="ca0ad45a-0ed3-4f0d-922d-ca3f63465e6e" testName="DictionaryMark_VersionDisplay" computerName="KMC-L-DYTDH84" testType="13CDC9D9-DDB5-4fa4-A97D-D965CCFC6D4B" outcome="Passed" duration="00:00:00.0086996" startTime="2026-05-29T18:18:14.1984540Z" endTime="2026-05-29T18:18:14.2071536Z" testListId="19431567-8539-422a-85D7-44EE4E166BDA">
      <Output />
    </UnitTestResult>
    <UnitTestResult executionId="f9df4743-8eed-498f-b1f9-d3ca0c1d3c21" testId="11809245-b20b-4e5a-8b06-2ed59802470a" testName="DictionaryMark_HelpDisplay" computerName="KMC-L-DYTDH84" testType="13CDC9D9-DDB5-4fa4-A97D-D965CCFC6D4B" outcome="Passed" duration="00:00:00.0034972" startTime="2026-05-29T18:18:14.2072182Z" endTime="2026-05-29T18:18:14.2107154Z" testListId="19431567-8539-422a-85D7-44EE4E166BDA">
      <Output />
    </UnitTestResult>
    <UnitTestResult executionId="d4ae52fc-25fa-461d-b87d-d8778e197c8f" testId="0532a2be-8d1c-4241-bbbf-8df2a7597226" testName="DictionaryMark_BulletGeneration" computerName="KMC-L-DYTDH84" testType="13CDC9D9-DDB5-4fa4-A97D-D965CCFC6D4B" outcome="Passed" duration="00:00:00.0413881" startTime="2026-05-29T18:18:14.2109820Z" endTime="2026-05-29T18:18:14.2523701Z" testListId="19431567-8539-422a-85D7-44EE4E166BDA">
      <Output />
    </UnitTestResult>
    <UnitTestResult executionId="7d14b1a4-98bc-40f8-961c-f606c0a1f08e" testId="f3382e67-ecc6-4f1a-90c8-f4aebc6b05ca" testName="DictionaryMark_TableGeneration" computerName="KMC-L-DYTDH84" testType="13CDC9D9-DDB5-4fa4-A97D-D965CCFC6D4B" outcome="Passed" duration="00:00:00.0040166" startTime="2026-05-29T18:18:14.2526617Z" endTime="2026-05-29T18:18:14.2566783Z" testListId="19431567-8539-422a-85D7-44EE4E166BDA">
      <Output />
    </UnitTestResult>
    <UnitTestResult executionId="e614bbdf-7562-42fa-96a0-66d9574f1087" testId="8b60e0df-f1bb-4bca-b4b9-6aaa4cd6a250" testName="DictionaryMark_CustomHeaders" computerName="KMC-L-DYTDH84" testType="13CDC9D9-DDB5-4fa4-A97D-D965CCFC6D4B" outcome="Passed" duration="00:00:00.0033794" startTime="2026-05-29T18:18:14.2569128Z" endTime="2026-05-29T18:18:14.2602922Z" testListId="19431567-8539-422a-85D7-44EE4E166BDA">
      <Output />
    </UnitTestResult>
    <UnitTestResult executionId="2b3ee764-af43-49bc-bd22-e29bfde3cab5" testId="ea16e749-07b2-4654-82fd-fd6df82c2a8c" testName="DictionaryMark_ConflictDetection" computerName="KMC-L-DYTDH84" testType="13CDC9D9-DDB5-4fa4-A97D-D965CCFC6D4B" outcome="Passed" duration="00:00:00.0036121" startTime="2026-05-29T18:18:14.2605119Z" endTime="2026-05-29T18:18:14.2641240Z" testListId="19431567-8539-422a-85D7-44EE4E166BDA">
      <Output />
    </UnitTestResult>
  </Results>
  <TestDefinitions>
    <UnitTest name="DictionaryMark_VersionDisplay" storage="DictionaryMark" id="ca0ad45a-0ed3-4f0d-922d-ca3f63465e6e">
      <Execution id="668d7b44-0932-4f8a-80c7-afa8c79cd463" />
      <TestMethod codeBase="DictionaryMark" className="Validation" name="DictionaryMark_VersionDisplay" />
    </UnitTest>
    <UnitTest name="DictionaryMark_HelpDisplay" storage="DictionaryMark" id="11809245-b20b-4e5a-8b06-2ed59802470a">
      <Execution id="f9df4743-8eed-498f-b1f9-d3ca0c1d3c21" />
      <TestMethod codeBase="DictionaryMark" className="Validation" name="DictionaryMark_HelpDisplay" />
    </UnitTest>
    <UnitTest name="DictionaryMark_BulletGeneration" storage="DictionaryMark" id="0532a2be-8d1c-4241-bbbf-8df2a7597226">
      <Execution id="d4ae52fc-25fa-461d-b87d-d8778e197c8f" />
      <TestMethod codeBase="DictionaryMark" className="Validation" name="DictionaryMark_BulletGeneration" />
    </UnitTest>
    <UnitTest name="DictionaryMark_TableGeneration" storage="DictionaryMark" id="f3382e67-ecc6-4f1a-90c8-f4aebc6b05ca">
      <Execution id="7d14b1a4-98bc-40f8-961c-f606c0a1f08e" />
      <TestMethod codeBase="DictionaryMark" className="Validation" name="DictionaryMark_TableGeneration" />
    </UnitTest>
    <UnitTest name="DictionaryMark_CustomHeaders" storage="DictionaryMark" id="8b60e0df-f1bb-4bca-b4b9-6aaa4cd6a250">
      <Execution id="e614bbdf-7562-42fa-96a0-66d9574f1087" />
      <TestMethod codeBase="DictionaryMark" className="Validation" name="DictionaryMark_CustomHeaders" />
    </UnitTest>
    <UnitTest name="DictionaryMark_ConflictDetection" storage="DictionaryMark" id="ea16e749-07b2-4654-82fd-fd6df82c2a8c">
      <Execution id="2b3ee764-af43-49bc-bd22-e29bfde3cab5" />
      <TestMethod codeBase="DictionaryMark" className="Validation" name="DictionaryMark_ConflictDetection" />
    </UnitTest>
  </TestDefinitions>
  <TestEntries>
    <TestEntry testId="ca0ad45a-0ed3-4f0d-922d-ca3f63465e6e" executionId="668d7b44-0932-4f8a-80c7-afa8c79cd463" testListId="19431567-8539-422a-85D7-44EE4E166BDA" />
    <TestEntry testId="11809245-b20b-4e5a-8b06-2ed59802470a" executionId="f9df4743-8eed-498f-b1f9-d3ca0c1d3c21" testListId="19431567-8539-422a-85D7-44EE4E166BDA" />
    <TestEntry testId="0532a2be-8d1c-4241-bbbf-8df2a7597226" executionId="d4ae52fc-25fa-461d-b87d-d8778e197c8f" testListId="19431567-8539-422a-85D7-44EE4E166BDA" />
    <TestEntry testId="f3382e67-ecc6-4f1a-90c8-f4aebc6b05ca" executionId="7d14b1a4-98bc-40f8-961c-f606c0a1f08e" testListId="19431567-8539-422a-85D7-44EE4E166BDA" />
    <TestEntry testId="8b60e0df-f1bb-4bca-b4b9-6aaa4cd6a250" executionId="e614bbdf-7562-42fa-96a0-66d9574f1087" testListId="19431567-8539-422a-85D7-44EE4E166BDA" />
    <TestEntry testId="ea16e749-07b2-4654-82fd-fd6df82c2a8c" executionId="2b3ee764-af43-49bc-bd22-e29bfde3cab5" testListId="19431567-8539-422a-85D7-44EE4E166BDA" />
  </TestEntries>
  <TestLists>
    <TestList name="All Loaded Results" id="19431567-8539-422a-85D7-44EE4E166BDA" />
  </TestLists>
  <ResultSummary outcome="Completed">
    <Counters total="6" executed="6" passed="6" failed="0" />
  </ResultSummary>
</TestRun>